// Jest Snapshot v1, https://goo.gl/fbAQLP

exports[`should render Footer 1`] = `
<DocumentFragment>
  <footer
    class="footer"
  >
    <div
      class="container py-6"
    >
      <hr
        class="breaking-line"
      />
      <div
        class="footer--menu"
      >
        <div>
          <a
            class="link-primary"
            href="#"
          >
            michalis.koutridis@gmail.com
          </a>
        </div>
        <div
          class="footer--menu-wrapper"
        >
          Made with 
          <a
            href="https://nextjs.org/"
            rel="nofollow"
            target="_blank"
          >
             next js 
          </a>
          ,
          <a
            href="https://www.typescriptlang.org/"
            rel="nofollow"
            target="_blank"
          >
             typescript 
          </a>
          ,
          <a
            href="https://tailwindcss.com/"
            rel="nofollow"
            target="_blank"
          >
             tailwindcss 
          </a>
          ,
          <a
            href="https://undraw.co/"
            rel="nofollow"
            target="_blank"
          >
             undraw illustrations 
          </a>
          ,
          <a
            href="https://www.contentful.com/"
            rel="nofollow"
            target="_blank"
          >
             contentful
          </a>
           and
          <a
            href="https://merakiui.com/"
            rel="nofollow"
            target="_blank"
          >
             merakiui 
          </a>
          .
        </div>
      </div>
    </div>
  </footer>
</DocumentFragment>
`;
